###############################################################################
#
# IAR ELF Linker V8.30.2.160/W32 for ARM                  16/Feb/2019  15:05:27
# Copyright 2007-2018 IAR Systems AB.
#
#    Output file  =  
#        D:\development\git\g_sensor_controller\g_sensor_controller\board\iar\Debug\Exe\g_sensor_controller.out.tmp
#    Map file     =  
#        D:\development\git\g_sensor_controller\g_sensor_controller\board\iar\Debug\List\g_sensor_controller.map
#    Command line =  
#        -f C:\Users\wkxboot\AppData\Local\Temp\EWD665.tmp
#        (D:\development\git\g_sensor_controller\g_sensor_controller\board\iar\Debug\Obj\adc_task.o
#        D:\development\git\g_sensor_controller\g_sensor_controller\board\iar\Debug\Obj\board.o
#        D:\development\git\g_sensor_controller\g_sensor_controller\board\iar\Debug\Obj\circle_buffer.o
#        D:\development\git\g_sensor_controller\g_sensor_controller\board\iar\Debug\Obj\clock_config.o
#        D:\development\git\g_sensor_controller\g_sensor_controller\board\iar\Debug\Obj\cmsis_os.o
#        D:\development\git\g_sensor_controller\g_sensor_controller\board\iar\Debug\Obj\cpu_task.o
#        D:\development\git\g_sensor_controller\g_sensor_controller\board\iar\Debug\Obj\cpu_utils.o
#        D:\development\git\g_sensor_controller\g_sensor_controller\board\iar\Debug\Obj\door_lock_task.o
#        D:\development\git\g_sensor_controller\g_sensor_controller\board\iar\Debug\Obj\event_groups.o
#        D:\development\git\g_sensor_controller\g_sensor_controller\board\iar\Debug\Obj\freertos.o
#        D:\development\git\g_sensor_controller\g_sensor_controller\board\iar\Debug\Obj\fsl_adc.o
#        D:\development\git\g_sensor_controller\g_sensor_controller\board\iar\Debug\Obj\fsl_clock.o
#        D:\development\git\g_sensor_controller\g_sensor_controller\board\iar\Debug\Obj\fsl_common.o
#        D:\development\git\g_sensor_controller\g_sensor_controller\board\iar\Debug\Obj\fsl_crc.o
#        D:\development\git\g_sensor_controller\g_sensor_controller\board\iar\Debug\Obj\fsl_ctimer.o
#        D:\development\git\g_sensor_controller\g_sensor_controller\board\iar\Debug\Obj\fsl_dma.o
#        D:\development\git\g_sensor_controller\g_sensor_controller\board\iar\Debug\Obj\fsl_dmic.o
#        D:\development\git\g_sensor_controller\g_sensor_controller\board\iar\Debug\Obj\fsl_dmic_dma.o
#        D:\development\git\g_sensor_controller\g_sensor_controller\board\iar\Debug\Obj\fsl_eeprom.o
#        D:\development\git\g_sensor_controller\g_sensor_controller\board\iar\Debug\Obj\fsl_emc.o
#        D:\development\git\g_sensor_controller\g_sensor_controller\board\iar\Debug\Obj\fsl_enet.o
#        D:\development\git\g_sensor_controller\g_sensor_controller\board\iar\Debug\Obj\fsl_flashiap.o
#        D:\development\git\g_sensor_controller\g_sensor_controller\board\iar\Debug\Obj\fsl_flexcomm.o
#        D:\development\git\g_sensor_controller\g_sensor_controller\board\iar\Debug\Obj\fsl_fmc.o
#        D:\development\git\g_sensor_controller\g_sensor_controller\board\iar\Debug\Obj\fsl_fmeas.o
#        D:\development\git\g_sensor_controller\g_sensor_controller\board\iar\Debug\Obj\fsl_gint.o
#        D:\development\git\g_sensor_controller\g_sensor_controller\board\iar\Debug\Obj\fsl_gpio.o
#        D:\development\git\g_sensor_controller\g_sensor_controller\board\iar\Debug\Obj\fsl_i2c.o
#        D:\development\git\g_sensor_controller\g_sensor_controller\board\iar\Debug\Obj\fsl_i2c_dma.o
#        D:\development\git\g_sensor_controller\g_sensor_controller\board\iar\Debug\Obj\fsl_i2c_freertos.o
#        D:\development\git\g_sensor_controller\g_sensor_controller\board\iar\Debug\Obj\fsl_i2s.o
#        D:\development\git\g_sensor_controller\g_sensor_controller\board\iar\Debug\Obj\fsl_i2s_dma.o
#        D:\development\git\g_sensor_controller\g_sensor_controller\board\iar\Debug\Obj\fsl_inputmux.o
#        D:\development\git\g_sensor_controller\g_sensor_controller\board\iar\Debug\Obj\fsl_mcan.o
#        D:\development\git\g_sensor_controller\g_sensor_controller\board\iar\Debug\Obj\fsl_mrt.o
#        D:\development\git\g_sensor_controller\g_sensor_controller\board\iar\Debug\Obj\fsl_pint.o
#        D:\development\git\g_sensor_controller\g_sensor_controller\board\iar\Debug\Obj\fsl_power.o
#        D:\development\git\g_sensor_controller\g_sensor_controller\board\iar\Debug\Obj\fsl_reset.o
#        D:\development\git\g_sensor_controller\g_sensor_controller\board\iar\Debug\Obj\fsl_rit.o
#        D:\development\git\g_sensor_controller\g_sensor_controller\board\iar\Debug\Obj\fsl_rtc.o
#        D:\development\git\g_sensor_controller\g_sensor_controller\board\iar\Debug\Obj\fsl_sctimer.o
#        D:\development\git\g_sensor_controller\g_sensor_controller\board\iar\Debug\Obj\fsl_sdif.o
#        D:\development\git\g_sensor_controller\g_sensor_controller\board\iar\Debug\Obj\fsl_spi.o
#        D:\development\git\g_sensor_controller\g_sensor_controller\board\iar\Debug\Obj\fsl_spi_dma.o
#        D:\development\git\g_sensor_controller\g_sensor_controller\board\iar\Debug\Obj\fsl_spi_freertos.o
#        D:\development\git\g_sensor_controller\g_sensor_controller\board\iar\Debug\Obj\fsl_spifi.o
#        D:\development\git\g_sensor_controller\g_sensor_controller\board\iar\Debug\Obj\fsl_spifi_dma.o
#        D:\development\git\g_sensor_controller\g_sensor_controller\board\iar\Debug\Obj\fsl_tickless_systick.o
#        D:\development\git\g_sensor_controller\g_sensor_controller\board\iar\Debug\Obj\fsl_usart.o
#        D:\development\git\g_sensor_controller\g_sensor_controller\board\iar\Debug\Obj\fsl_usart_dma.o
#        D:\development\git\g_sensor_controller\g_sensor_controller\board\iar\Debug\Obj\fsl_usart_freertos.o
#        D:\development\git\g_sensor_controller\g_sensor_controller\board\iar\Debug\Obj\fsl_utick.o
#        D:\development\git\g_sensor_controller\g_sensor_controller\board\iar\Debug\Obj\fsl_wwdt.o
#        D:\development\git\g_sensor_controller\g_sensor_controller\board\iar\Debug\Obj\heap_4.o
#        D:\development\git\g_sensor_controller\g_sensor_controller\board\iar\Debug\Obj\list.o
#        D:\development\git\g_sensor_controller\g_sensor_controller\board\iar\Debug\Obj\log.o
#        D:\development\git\g_sensor_controller\g_sensor_controller\board\iar\Debug\Obj\main.o
#        D:\development\git\g_sensor_controller\g_sensor_controller\board\iar\Debug\Obj\nxp_serial_uart_hal_driver.o
#        D:\development\git\g_sensor_controller\g_sensor_controller\board\iar\Debug\Obj\pin_mux.o
#        D:\development\git\g_sensor_controller\g_sensor_controller\board\iar\Debug\Obj\port.o
#        D:\development\git\g_sensor_controller\g_sensor_controller\board\iar\Debug\Obj\portasm.o
#        D:\development\git\g_sensor_controller\g_sensor_controller\board\iar\Debug\Obj\protocol_task.o
#        D:\development\git\g_sensor_controller\g_sensor_controller\board\iar\Debug\Obj\queue.o
#        D:\development\git\g_sensor_controller\g_sensor_controller\board\iar\Debug\Obj\scale_task.o
#        D:\development\git\g_sensor_controller\g_sensor_controller\board\iar\Debug\Obj\SEGGER_RTT.o
#        D:\development\git\g_sensor_controller\g_sensor_controller\board\iar\Debug\Obj\SEGGER_RTT_printf.o
#        D:\development\git\g_sensor_controller\g_sensor_controller\board\iar\Debug\Obj\SEGGER_RTT_Syscalls_IAR.o
#        D:\development\git\g_sensor_controller\g_sensor_controller\board\iar\Debug\Obj\serial.o
#        D:\development\git\g_sensor_controller\g_sensor_controller\board\iar\Debug\Obj\startup_LPC54606.o
#        D:\development\git\g_sensor_controller\g_sensor_controller\board\iar\Debug\Obj\stream_buffer.o
#        D:\development\git\g_sensor_controller\g_sensor_controller\board\iar\Debug\Obj\system_LPC54606.o
#        D:\development\git\g_sensor_controller\g_sensor_controller\board\iar\Debug\Obj\tasks.o
#        D:\development\git\g_sensor_controller\g_sensor_controller\board\iar\Debug\Obj\tasks_init.o
#        D:\development\git\g_sensor_controller\g_sensor_controller\board\iar\Debug\Obj\temperature_task.o
#        D:\development\git\g_sensor_controller\g_sensor_controller\board\iar\Debug\Obj\timers.o
#        D:\development\git\g_sensor_controller\g_sensor_controller\board\iar\Debug\Obj\utils.o
#        --no_out_extension -o
#        D:\development\git\g_sensor_controller\g_sensor_controller\board\iar\Debug\Exe\g_sensor_controller.out.tmp
#        --map
#        D:\development\git\g_sensor_controller\g_sensor_controller\board\iar\Debug\List\g_sensor_controller.map
#        --config
#        D:\development\git\g_sensor_controller\g_sensor_controller\board\iar/LPC5460xJ512.icf
#        --semihosting
#        D:\development\git\g_sensor_controller\g_sensor_controller\board\iar/../../device/LPC54606/power_lib/iar_lib_power.a
#        --entry __iar_program_start --vfe --utf8_text_in --text_out utf8)
#
###############################################################################

*******************************************************************************
*** MESSAGES
***

Error[Li005]: no definition for "protocol_serial_driver" [referenced from D:\de
          velopment\git\g_sensor_controller\g_sensor_controller\board\iar\Debug
          \Obj\protocol_task.o]
Error[Li005]: no definition for "protocol_serial_handle" [referenced from D:\de
          velopment\git\g_sensor_controller\g_sensor_controller\board\iar\Debug
          \Obj\protocol_task.o]
Error[Li005]: no definition for "scale_serial_driver" [referenced from D:\devel
          opment\git\g_sensor_controller\g_sensor_controller\board\iar\Debug\Ob
          j\scale_task.o]
Error[Li005]: no definition for "scale_serial_handle" [referenced from D:\devel
          opment\git\g_sensor_controller\g_sensor_controller\board\iar\Debug\Ob
          j\scale_task.o]
Error[Li005]: no definition for "log_one_line" [referenced from D:\development\
          git\g_sensor_controller\g_sensor_controller\board\iar\Debug\Obj\cpu_t
          ask.o]


*******************************************************************************
*** RUNTIME MODEL ATTRIBUTES
***

CppFlavor       = *
__Heap_Handler  = DLMalloc
__SystemLibrary = DLib
__dlib_version  = 6


*******************************************************************************
*** HEAP SELECTION
***

The advanced heap was selected because the application calls memory
allocation functions outside of system library functions, and there
are calls to deallocation functions in the application.


*******************************************************************************
*** PLACEMENT SUMMARY
***

"A0":  place at 0x0 { ro section .intvec };
"P3":  place in [from 0x0 to 0x3ff] |
                [from 0x400 to 0x7'ffff] { ro };
define block RW { rw };
"P4":  place in [from 0x2000'0000 to 0x2002'7bff] { block RW };
define block ZI { zi };
"P5":  place in [from 0x2000'0000 to 0x2002'7bff] { block ZI };
define block CSTACK with size = 1K, alignment = 8 { };
"P7":  place in [from 0x2002'7c00 to 0x2002'7fff] { block CSTACK };
initialize by copy { rw, section .textrw };

No sections matched the following patterns:

  section m_usb_bdt     in "P1"
  section m_usb_global  in "P2"


  Section            Kind         Address     Size  Object
  -------            ----         -------     ----  ------
"A0":                                        0x124
  .intvec            ro code          0x0    0x124  startup_LPC54606.o [1]
                                  - 0x124    0x124

"P3", part 1 of 2:                             0x0
  .rodata            const          0x124      0x0  zero_init3.o [5]
  .rodata            const          0x124      0x0  copy_init3.o [5]

"P3", part 2 of 2:                          0xa138
  .text              ro code        0x400    0xe26  xprintffull_nomb.o [2]
  .text              ro code       0x1226     0x3a  zero_init3.o [5]
  .text              ro code       0x1260     0x16  strchr.o [5]
  .text              ro code       0x1276     0x1a  xsnprout.o [2]
  .text              ro code       0x1290     0x40  xfail_s.o [2]
  .text              ro code       0x12d0     0x36  strlen.o [5]
  .rodata            const         0x1306      0x2  fsl_adc.o [1]
  .text              ro code       0x1308     0x58  memchr.o [5]
  .text              ro code       0x1360    0x230  I64DivMod.o [5]
  .text              ro code       0x1590    0x1a2  DblMul.o [4]
  .text              ro code       0x1732      0x2  startup_LPC54606.o [1]
  .text              ro code       0x1734     0xa6  ABImemcpy.o [5]
  .text              ro code       0x17da      0x2  startup_LPC54606.o [1]
  .text              ro code       0x17dc     0x70  frexp.o [4]
  .text              ro code       0x184c     0x2e  DblCmpLe.o [4]
  .text              ro code       0x187a      0x2  startup_LPC54606.o [1]
  .text              ro code       0x187c     0x2e  DblCmpGe.o [4]
  .text              ro code       0x18aa      0x2  startup_LPC54606.o [1]
  .text              ro code       0x18ac    0x13a  ldexp.o [4]
  .text              ro code       0x19e6      0x2  startup_LPC54606.o [1]
  .text              ro code       0x19e8     0x3a  DblToS32.o [4]
  .text              ro code       0x1a22      0x2  startup_LPC54606.o [1]
  .text              ro code       0x1a24     0x22  S32ToDbl.o [4]
  .text              ro code       0x1a48     0xe2  DblSub.o [4]
  .text              ro code       0x1b2c    0x246  DblDiv.o [4]
  .text              ro code       0x1d74     0x28  DblToU32.o [4]
  .text              ro code       0x1d9c     0x1a  U32ToDbl.o [4]
  .text              ro code       0x1db6      0x6  abort.o [2]
  .text              ro code       0x1dbc      0x2  I64DivZer.o [5]
  .text              ro code       0x1dc0    0x17a  DblAdd.o [4]
  .text              ro code       0x1f3c     0x14  exit.o [6]
  .text              ro code       0x1f50    0xcc4  tasks.o [1]
  .text              ro code       0x2c14    0x268  heap_4.o [1]
  .text              ro code       0x2e7c     0x66  ABImemset.o [5]
  .text              ro code       0x2ee2     0x98  list.o [1]
  .text              ro code       0x2f7c    0x224  port.o [1]
  .text              ro code       0x31a0    0x470  timers.o [1]
  .text              ro code       0x3610     0xb0  cpu_utils.o [1]
  .text              ro code       0x36c0     0x30  freertos.o [1]
  .text              ro code       0x36f0     0x10  freertos.o [1]
  .text              ro code       0x3700     0x34  fsl_tickless_systick.o [1]
  CODE               ro code       0x3734     0xb0  portasm.o [1]
  .text              ro code       0x37e4    0x74a  queue.o [1]
  .text              ro code       0x3f30    0x130  main.o [1]
  .text              ro code       0x4060     0x4c  log.o [1]
  .text              ro code       0x40ac     0x5c  log.o [1]
  .text              ro code       0x4108    0x318  cmsis_os.o [1]
  .text              ro code       0x4420    0x1de  board.o [1]
  .text              ro code       0x4600     0x5c  tasks_init.o [1]
  .text              ro code       0x465c    0x2d8  SEGGER_RTT.o [1]
  .text              ro code       0x4934     0x3c  vsnprint.o [2]
  .text              ro code       0x4970     0xc8  fsl_gpio.o [1]
  .text              ro code       0x4a38     0xa4  pin_mux.o [1]
  .text              ro code       0x4adc     0x98  clock_config.o [1]
  .text              ro code       0x4b74    0x1bc  event_groups.o [1]
  .text              ro code       0x4d30     0x4c  strcpy.o [5]
  .text              ro code       0x4d7c     0x24  ABIassert.o [6]
  .text              ro code       0x4da0    0x2a8  fsl_clock.o [1]
  .text              ro code       0x5048     0xd8  fsl_power_lib.o [3]
  .text              ro code       0x5120    0xa1c  protocol_task.o [1]
  .text              ro code       0x5b3c    0x3c8  serial.o [1]
  .text              ro code       0x5f04     0xc6  circle_buffer.o [1]
  .text              ro code       0x5fcc     0x56  utils.o [1]
  .text              ro code       0x6024    0x6d4  scale_task.o [1]
  .text              ro code       0x66f8    0x50c  door_lock_task.o [1]
  .text              ro code       0x6c04    0x394  adc_task.o [1]
  .text              ro code       0x6f98    0x214  fsl_adc.o [1]
  .text              ro code       0x71ac    0x2fc  temperature_task.o [1]
  .text              ro code       0x74a8     0x68  DblToFlt.o [4]
  .text              ro code       0x7510    0x1e4  fsl_flexcomm.o [1]
  .text              ro code       0x76f4    0x1c8  fsl_pint.o [1]
  .text              ro code       0x78bc    0x140  fsl_dma.o [1]
  .rodata            const         0x79fc    0x118  temperature_task.o [1]
  .rodata            const         0x7b14    0x100  protocol_task.o [1]
  .rodata            const         0x7c14    0x100  protocol_task.o [1]
  .rodata            const         0x7d14    0x100  scale_task.o [1]
  .rodata            const         0x7e14    0x100  scale_task.o [1]
  .text              ro code       0x7f14     0xcc  cpu_task.o [1]
  .text              ro code       0x7fe0     0x28  strncmp.o [2]
  .text              ro code       0x8008     0xc8  fsl_mcan.o [1]
  .text              ro code       0x80d0     0xc6  fsl_ctimer.o [1]
  .rodata            const         0x8198     0x64  circle_buffer.o [1]
  .rodata            const         0x81fc     0x64  fsl_flexcomm.o [1]
  .rodata            const         0x8260     0x64  protocol_task.o [1]
  .rodata            const         0x82c4     0x60  door_lock_task.o [1]
  .rodata            const         0x8324     0x60  fsl_adc.o [1]
  .rodata            const         0x8384     0x60  fsl_dma.o [1]
  .rodata            const         0x83e4     0x60  fsl_gpio.o [1]
  .rodata            const         0x8444     0x60  fsl_mcan.o [1]
  .rodata            const         0x84a4     0x60  fsl_sdif.o [1]
  .rodata            const         0x8504     0x60  temperature_task.o [1]
  .rodata            const         0x8564     0x5c  protocol_task.o [1]
  .rodata            const         0x85c0     0x5c  protocol_task.o [1]
  .rodata            const         0x861c     0x5c  scale_task.o [1]
  .rodata            const         0x8678     0x5c  scale_task.o [1]
  .rodata            const         0x86d4     0x5c  tasks_init.o [1]
  .rodata            const         0x8730     0x58  adc_task.o [1]
  .rodata            const         0x8788     0x58  cpu_task.o [1]
  .rodata            const         0x87e0     0x58  freertos.o [1]
  .rodata            const         0x8838     0x58  log.o [1]
  .rodata            const         0x8890     0x58  protocol_task.o [1]
  .rodata            const         0x88e8     0x58  serial.o [1]
  .rodata            const         0x8940     0x54  log.o [1]
  .rodata            const         0x8994     0x54  main.o [1]
  .rodata            const         0x89e8     0x54  protocol_task.o [1]
  .rodata            const         0x8a3c     0x50  scale_task.o [1]
  .text              ro code       0x8a8c     0x50  fsl_gint.o [1]
  .rodata            const         0x8adc     0x4c  protocol_task.o [1]
  .rodata            const         0x8b28     0x4c  scale_task.o [1]
  .rodata            const         0x8b74     0x4c  temperature_task.o [1]
  .rodata            const         0x8bc0     0x4c  temperature_task.o [1]
  .rodata            const         0x8c0c     0x4c  temperature_task.o [1]
  .rodata            const         0x8c58     0x48  door_lock_task.o [1]
  .rodata            const         0x8ca0     0x48  door_lock_task.o [1]
  .rodata            const         0x8ce8     0x48  door_lock_task.o [1]
  .rodata            const         0x8d30     0x48  door_lock_task.o [1]
  .rodata            const         0x8d78     0x48  protocol_task.o [1]
  .rodata            const         0x8dc0     0x48  protocol_task.o [1]
  .rodata            const         0x8e08     0x48  protocol_task.o [1]
  .rodata            const         0x8e50     0x48  protocol_task.o [1]
  .rodata            const         0x8e98     0x48  protocol_task.o [1]
  .rodata            const         0x8ee0     0x48  scale_task.o [1]
  .rodata            const         0x8f28     0x48  scale_task.o [1]
  .rodata            const         0x8f70     0x48  scale_task.o [1]
  .rodata            const         0x8fb8     0x44  adc_task.o [1]
  .rodata            const         0x8ffc     0x44  door_lock_task.o [1]
  .rodata            const         0x9040     0x44  door_lock_task.o [1]
  .rodata            const         0x9084     0x44  door_lock_task.o [1]
  .rodata            const         0x90c8     0x44  door_lock_task.o [1]
  .rodata            const         0x910c     0x44  door_lock_task.o [1]
  .rodata            const         0x9150     0x44  door_lock_task.o [1]
  .rodata            const         0x9194     0x44  protocol_task.o [1]
  .rodata            const         0x91d8     0x44  protocol_task.o [1]
  .rodata            const         0x921c     0x44  protocol_task.o [1]
  .rodata            const         0x9260     0x44  scale_task.o [1]
  .rodata            const         0x92a4     0x44  scale_task.o [1]
  .rodata            const         0x92e8     0x44  serial.o [1]
  .rodata            const         0x932c     0x44  tasks_init.o [1]
  .rodata            const         0x9370     0x40  adc_task.o [1]
  .rodata            const         0x93b0     0x40  door_lock_task.o [1]
  .rodata            const         0x93f0     0x40  fsl_gpio.o [1]
  .rodata            const         0x9430     0x40  protocol_task.o [1]
  .rodata            const         0x9470     0x40  protocol_task.o [1]
  .rodata            const         0x94b0     0x40  protocol_task.o [1]
  .rodata            const         0x94f0     0x40  scale_task.o [1]
  .rodata            const         0x9530     0x40  scale_task.o [1]
  .rodata            const         0x9570     0x40  serial.o [1]
  .rodata            const         0x95b0     0x40  temperature_task.o [1]
  .rodata            const         0x95f0     0x40  temperature_task.o [1]
  .text              ro code       0x9630     0x40  fsl_sdif.o [1]
  .rodata            const         0x9670     0x3c  adc_task.o [1]
  .rodata            const         0x96ac     0x3c  door_lock_task.o [1]
  .rodata            const         0x96e8     0x3c  freertos.o [1]
  .rodata            const         0x9724     0x3c  fsl_adc.o [1]
  .rodata            const         0x9760     0x3c  fsl_dma.o [1]
  .rodata            const         0x979c     0x3c  protocol_task.o [1]
  .rodata            const         0x97d8     0x3c  protocol_task.o [1]
  .rodata            const         0x9814     0x3c  protocol_task.o [1]
  .rodata            const         0x9850     0x3c  scale_task.o [1]
  .rodata            const         0x988c     0x3c  temperature_task.o [1]
  .text              ro code       0x98c8     0x3a  system_LPC54606.o [1]
  .rodata            const         0x9904     0x38  adc_task.o [1]
  .rodata            const         0x993c     0x38  log.o [1]
  .rodata            const         0x9974     0x38  log.o [1]
  .rodata            const         0x99ac     0x38  scale_task.o [1]
  .rodata            const         0x99e4     0x38  scale_task.o [1]
  .rodata            const         0x9a1c     0x38  scale_task.o [1]
  .rodata            const         0x9a54     0x38  scale_task.o [1]
  .rodata            const         0x9a8c     0x34  adc_task.o [1]
  .rodata            const         0x9ac0     0x34  adc_task.o [1]
  .rodata            const         0x9af4     0x34  cpu_task.o [1]
  .rodata            const         0x9b28     0x34  door_lock_task.o [1]
  .rodata            const         0x9b5c     0x34  door_lock_task.o [1]
  .rodata            const         0x9b90     0x34  door_lock_task.o [1]
  .rodata            const         0x9bc4     0x34  scale_task.o [1]
  .rodata            const         0x9bf8     0x34  scale_task.o [1]
  .rodata            const         0x9c2c     0x34  scale_task.o [1]
  .rodata            const         0x9c60     0x30  door_lock_task.o [1]
  .rodata            const         0x9c90     0x30  door_lock_task.o [1]
  .rodata            const         0x9cc0     0x30  door_lock_task.o [1]
  .rodata            const         0x9cf0     0x30  door_lock_task.o [1]
  .rodata            const         0x9d20     0x30  door_lock_task.o [1]
  .rodata            const         0x9d50     0x30  door_lock_task.o [1]
  .rodata            const         0x9d80     0x30  tasks_init.o [1]
  .text              ro code       0x9db0     0x30  fsl_dmic.o [1]
  .rodata            const         0x9de0     0x2c  door_lock_task.o [1]
  .text              ro code       0x9e0c     0x2c  copy_init3.o [5]
  Initializer bytes  const         0x9e38     0x2c  <for RW-1> (used: 0x0)
  .rodata            const         0x9e64     0x28  door_lock_task.o [1]
  .rodata            const         0x9e8c     0x28  fsl_flexcomm.o [1]
  .rodata            const         0x9eb4     0x28  protocol_task.o [1]
  .rodata            const         0x9edc     0x28  protocol_task.o [1]
  .rodata            const         0x9f04     0x28  scale_task.o [1]
  .rodata            const         0x9f2c     0x28  scale_task.o [1]
  .text              ro code       0x9f54     0x28  data_init.o [5]
  .text              ro code       0x9f7c     0x24  fsl_enet.o [1]
  .text              ro code       0x9fa0     0x24  fsl_utick.o [1]
  .text              ro code       0x9fc4     0x22  fpinit_M.o [4]
  .iar.init_table    const         0x9fe8     0x24  - Linker created -
  .text              ro code       0xa00c     0x1e  cmain.o [5]
  .text              ro code       0xa02a      0x4  low_level_init.o [2]
  .text              ro code       0xa02e      0x4  exit.o [2]
  .text              ro code       0xa034      0xa  cexit.o [5]
  .rodata            const         0xa040     0x1c  clock_config.o [1]
  .text              ro code       0xa05c     0x1c  fsl_sctimer.o [1]
  .text              ro code       0xa078     0x1c  startup_LPC54606.o [1]
  .rodata            const         0xa094     0x18  fsl_flexcomm.o [1]
  .rodata            const         0xa0ac     0x18  fsl_flexcomm.o [1]
  .rodata            const         0xa0c4     0x18  fsl_flexcomm.o [1]
  .rodata            const         0xa0dc     0x18  fsl_flexcomm.o [1]
  .rodata            const         0xa0f4     0x18  fsl_flexcomm.o [1]
  .rodata            const         0xa10c     0x18  fsl_flexcomm.o [1]
  .rodata            const         0xa124     0x18  fsl_flexcomm.o [1]
  .rodata            const         0xa13c     0x18  fsl_flexcomm.o [1]
  .rodata            const         0xa154     0x18  fsl_flexcomm.o [1]
  .rodata            const         0xa16c     0x18  fsl_flexcomm.o [1]
  .rodata            const         0xa184     0x14  fsl_ctimer.o [1]
  .rodata            const         0xa198     0x14  main.o [1]
  .rodata            const         0xa1ac     0x14  main.o [1]
  .rodata            const         0xa1c0     0x14  main.o [1]
  .rodata            const         0xa1d4     0x14  main.o [1]
  .rodata            const         0xa1e8     0x14  main.o [1]
  .rodata            const         0xa1fc     0x14  main.o [1]
  .rodata            const         0xa210     0x14  main.o [1]
  .rodata            const         0xa224     0x10  cpu_task.o [1]
  .rodata            const         0xa234     0x10  cpu_task.o [1]
  .rodata            const         0xa244     0x10  fsl_adc.o [1]
  .rodata            const         0xa254     0x10  fsl_mcan.o [1]
  .rodata            const         0xa264     0x10  fsl_mcan.o [1]
  .rodata            const         0xa274     0x10  fsl_sdif.o [1]
  .rodata            const         0xa284     0x10  main.o [1]
  .rodata            const         0xa294     0x10  main.o [1]
  .rodata            const         0xa2a4      0xc  cpu_task.o [1]
  .rodata            const         0xa2b0      0xc  fsl_adc.o [1]
  .rodata            const         0xa2bc      0xc  fsl_adc.o [1]
  .rodata            const         0xa2c8      0xc  fsl_gpio.o [1]
  .rodata            const         0xa2d4      0xc  main.o [1]
  .rodata            const         0xa2e0      0xc  main.o [1]
  .rodata            const         0xa2ec      0xc  main.o [1]
  .rodata            const         0xa2f8      0xc  SEGGER_RTT.o [1]
  .text              ro code       0xa304      0xc  startup_LPC54606.o [1]
  .text              ro code       0xa310      0xc  cstartup_M.o [5]
  .rodata            const         0xa31c      0x8  door_lock_task.o [1]
  .rodata            const         0xa324      0x8  fsl_gint.o [1]
  .rodata            const         0xa32c      0x8  protocol_task.o [1]
  .rodata            const         0xa334      0x8  scale_task.o [1]
  .rodata            const         0xa33c      0x8  SEGGER_RTT.o [1]
  .rodata            const         0xa344      0x8  tasks.o [1]
  .rodata            const         0xa34c      0x8  tasks_init.o [1]
  .rodata            const         0xa354      0x8  temperature_task.o [1]
  .rodata            const         0xa35c      0x8  timers.o [1]
  .rodata            const         0xa364      0x8  timers.o [1]
  .text              ro code       0xa36c      0x8  freertos.o [1]
  .text              ro code       0xa374      0x8  startup_LPC54606.o [1]
  .text              ro code       0xa37c      0x8  startup_LPC54606.o [1]
  .text              ro code       0xa384      0x8  startup_LPC54606.o [1]
  .text              ro code       0xa38c      0x8  startup_LPC54606.o [1]
  .text              ro code       0xa394      0x8  startup_LPC54606.o [1]
  .text              ro code       0xa39c      0x8  startup_LPC54606.o [1]
  .text              ro code       0xa3a4      0x8  startup_LPC54606.o [1]
  .text              ro code       0xa3ac      0x8  startup_LPC54606.o [1]
  .text              ro code       0xa3b4      0x8  startup_LPC54606.o [1]
  .text              ro code       0xa3bc      0x8  startup_LPC54606.o [1]
  .text              ro code       0xa3c4      0x8  startup_LPC54606.o [1]
  .text              ro code       0xa3cc      0x8  startup_LPC54606.o [1]
  .text              ro code       0xa3d4      0x8  startup_LPC54606.o [1]
  .text              ro code       0xa3dc      0x8  startup_LPC54606.o [1]
  .text              ro code       0xa3e4      0x8  startup_LPC54606.o [1]
  .text              ro code       0xa3ec      0x8  startup_LPC54606.o [1]
  .text              ro code       0xa3f4      0x8  startup_LPC54606.o [1]
  .text              ro code       0xa3fc      0x8  startup_LPC54606.o [1]
  .text              ro code       0xa404      0x8  startup_LPC54606.o [1]
  .text              ro code       0xa40c      0x8  startup_LPC54606.o [1]
  .text              ro code       0xa414      0x8  startup_LPC54606.o [1]
  .text              ro code       0xa41c      0x8  startup_LPC54606.o [1]
  .text              ro code       0xa424      0x8  startup_LPC54606.o [1]
  .text              ro code       0xa42c      0x8  startup_LPC54606.o [1]
  .text              ro code       0xa434      0x8  startup_LPC54606.o [1]
  .text              ro code       0xa43c      0x8  startup_LPC54606.o [1]
  .text              ro code       0xa444      0x8  startup_LPC54606.o [1]
  .text              ro code       0xa44c      0x8  startup_LPC54606.o [1]
  .text              ro code       0xa454      0x8  startup_LPC54606.o [1]
  .text              ro code       0xa45c      0x8  startup_LPC54606.o [1]
  .text              ro code       0xa464      0x8  startup_LPC54606.o [1]
  .text              ro code       0xa46c      0x8  startup_LPC54606.o [1]
  .text              ro code       0xa474      0x8  startup_LPC54606.o [1]
  .text              ro code       0xa47c      0x8  startup_LPC54606.o [1]
  .text              ro code       0xa484      0x8  startup_LPC54606.o [1]
  .text              ro code       0xa48c      0x8  startup_LPC54606.o [1]
  .text              ro code       0xa494      0x8  startup_LPC54606.o [1]
  .text              ro code       0xa49c      0x8  startup_LPC54606.o [1]
  .text              ro code       0xa4a4      0x8  startup_LPC54606.o [1]
  .text              ro code       0xa4ac      0x8  startup_LPC54606.o [1]
  .text              ro code       0xa4b4      0x8  startup_LPC54606.o [1]
  .text              ro code       0xa4bc      0x8  startup_LPC54606.o [1]
  .text              ro code       0xa4c4      0x8  startup_LPC54606.o [1]
  .text              ro code       0xa4cc      0x8  startup_LPC54606.o [1]
  .text              ro code       0xa4d4      0x8  startup_LPC54606.o [1]
  .text              ro code       0xa4dc      0x8  startup_LPC54606.o [1]
  .text              ro code       0xa4e4      0x8  startup_LPC54606.o [1]
  .text              ro code       0xa4ec      0x8  startup_LPC54606.o [1]
  .text              ro code       0xa4f4      0x8  startup_LPC54606.o [1]
  .text              ro code       0xa4fc      0x8  startup_LPC54606.o [1]
  .text              ro code       0xa504      0x8  startup_LPC54606.o [1]
  .text              ro code       0xa50c      0x8  startup_LPC54606.o [1]
  .text              ro code       0xa514      0x8  startup_LPC54606.o [1]
  .text              ro code       0xa51c      0x8  startup_LPC54606.o [1]
  .rodata            const         0xa524      0x4  door_lock_task.o [1]
  .rodata            const         0xa528      0x4  fsl_adc.o [1]
  .rodata            const         0xa52c      0x4  fsl_dma.o [1]
  .rodata            const         0xa530      0x4  heap_4.o [1]
  .rodata            const         0xa534      0x4  port.o [1]
                                 - 0xa538   0xa138

"P4-P5", part 1 of 2:                         0x2c
  RW                          0x2000'0000     0x2c  <Block>
    RW-1                      0x2000'0000     0x29  <Init block>
      .data          inited   0x2000'0000      0x4  adc_task.o [1]
      .data          inited   0x2000'0004      0x4  port.o [1]
      .data          inited   0x2000'0008      0x8  scale_task.o [1]
      .data          inited   0x2000'0010      0x8  scale_task.o [1]
      .data          inited   0x2000'0018      0x4  system_LPC54606.o [1]
      .data          inited   0x2000'001c      0xc  temperature_task.o [1]
      .data          inited   0x2000'0028      0x1  log.o [1]
                            - 0x2000'002c     0x2c

"P4-P5", part 2 of 2:                      0x1ee90
  ZI                          0x2000'002c  0x1ee90  <Block>
    .bss             zero     0x2000'002c      0x4  adc_task.o [1]
    .bss             zero     0x2000'0030      0x4  adc_task.o [1]
    .bss             zero     0x2000'0034      0x8  adc_task.o [1]
    .bss             zero     0x2000'003c      0x4  adc_task.o [1]
    .bss             zero     0x2000'0040      0x8  adc_task.o [1]
    .bss             zero     0x2000'0048     0x10  adc_task.o [1]
    .bss             zero     0x2000'0058      0x4  cpu_task.o [1]
    .bss             zero     0x2000'005c      0x8  cpu_task.o [1]
    .bss             zero     0x2000'0064      0x4  cpu_utils.o [1]
    .bss             zero     0x2000'0068      0x4  cpu_utils.o [1]
    .bss             zero     0x2000'006c      0x4  cpu_utils.o [1]
    .bss             zero     0x2000'0070      0x4  cpu_utils.o [1]
    .bss             zero     0x2000'0074      0x4  cpu_utils.o [1]
    .bss             zero     0x2000'0078      0x4  cpu_utils.o [1]
    .bss             zero     0x2000'007c      0x4  door_lock_task.o [1]
    .bss             zero     0x2000'0080      0x4  door_lock_task.o [1]
    .bss             zero     0x2000'0084      0x4  door_lock_task.o [1]
    .bss             zero     0x2000'0088      0x8  door_lock_task.o [1]
    .bss             zero     0x2000'0090      0x4  fsl_clock.o [1]
    .bss             zero     0x2000'0094     0x14  fsl_ctimer.o [1]
    .bss             zero     0x2000'00a8      0x8  fsl_ctimer.o [1]
    .bss             zero     0x2000'00b0     0x78  fsl_dma.o [1]
    .bss             zero     0x2000'0128      0x4  fsl_dmic.o [1]
    .bss             zero     0x2000'012c      0x4  fsl_dmic.o [1]
    .bss             zero     0x2000'0130      0x4  fsl_enet.o [1]
    .bss             zero     0x2000'0134      0x4  fsl_enet.o [1]
    .bss             zero     0x2000'0138     0x28  fsl_flexcomm.o [1]
    .bss             zero     0x2000'0160     0x28  fsl_flexcomm.o [1]
    .bss             zero     0x2000'0188      0x8  fsl_gint.o [1]
    .bss             zero     0x2000'0190      0x8  fsl_mcan.o [1]
    .bss             zero     0x2000'0198      0x4  fsl_mcan.o [1]
    .bss             zero     0x2000'019c     0x20  fsl_pint.o [1]
    .bss             zero     0x2000'01bc      0x4  fsl_sctimer.o [1]
    .bss             zero     0x2000'01c0      0x4  fsl_sdif.o [1]
    .bss             zero     0x2000'01c4      0x4  fsl_sdif.o [1]
    .bss             zero     0x2000'01c8      0x4  fsl_utick.o [1]
    .bss             zero     0x2000'01cc      0x4  fsl_utick.o [1]
    .bss             zero     0x2000'01d0  0x1e000  heap_4.o [1]
    .bss             zero     0x2001'e1d0      0x8  heap_4.o [1]
    .bss             zero     0x2001'e1d8      0x4  heap_4.o [1]
    .bss             zero     0x2001'e1dc      0x4  heap_4.o [1]
    .bss             zero     0x2001'e1e0      0x4  heap_4.o [1]
    .bss             zero     0x2001'e1e4      0x4  heap_4.o [1]
    .bss             zero     0x2001'e1e8    0x618  log.o [1]
    .bss             zero     0x2001'e800      0x4  port.o [1]
    .bss             zero     0x2001'e804      0x4  protocol_task.o [1]
    .bss             zero     0x2001'e808      0x4  protocol_task.o [1]
    .bss             zero     0x2001'e80c      0x8  protocol_task.o [1]
    .bss             zero     0x2001'e814      0x8  protocol_task.o [1]
    .bss             zero     0x2001'e81c      0x8  protocol_task.o [1]
    .bss             zero     0x2001'e824     0x40  queue.o [1]
    .bss             zero     0x2001'e864      0x4  scale_task.o [1]
    .bss             zero     0x2001'e868      0x4  scale_task.o [1]
    .bss             zero     0x2001'e86c      0x8  scale_task.o [1]
    .bss             zero     0x2001'e874     0xa8  SEGGER_RTT.o [1]
    .bss             zero     0x2001'e91c    0x400  SEGGER_RTT.o [1]
    .bss             zero     0x2001'ed1c     0x10  SEGGER_RTT.o [1]
    .bss             zero     0x2001'ed2c      0x4  tasks.o [1]
    .bss             zero     0x2001'ed30     0x8c  tasks.o [1]
    .bss             zero     0x2001'edbc     0x14  tasks.o [1]
    .bss             zero     0x2001'edd0     0x14  tasks.o [1]
    .bss             zero     0x2001'ede4      0x4  tasks.o [1]
    .bss             zero     0x2001'ede8      0x4  tasks.o [1]
    .bss             zero     0x2001'edec     0x14  tasks.o [1]
    .bss             zero     0x2001'ee00     0x14  tasks.o [1]
    .bss             zero     0x2001'ee14      0x4  tasks.o [1]
    .bss             zero     0x2001'ee18     0x14  tasks.o [1]
    .bss             zero     0x2001'ee2c      0x4  tasks.o [1]
    .bss             zero     0x2001'ee30      0x4  tasks.o [1]
    .bss             zero     0x2001'ee34      0x4  tasks.o [1]
    .bss             zero     0x2001'ee38      0x4  tasks.o [1]
    .bss             zero     0x2001'ee3c      0x4  tasks.o [1]
    .bss             zero     0x2001'ee40      0x4  tasks.o [1]
    .bss             zero     0x2001'ee44      0x4  tasks.o [1]
    .bss             zero     0x2001'ee48      0x4  tasks.o [1]
    .bss             zero     0x2001'ee4c      0x4  tasks.o [1]
    .bss             zero     0x2001'ee50      0x4  tasks.o [1]
    .bss             zero     0x2001'ee54      0x4  tasks.o [1]
    .bss             zero     0x2001'ee58      0x4  tasks_init.o [1]
    .bss             zero     0x2001'ee5c      0x4  temperature_task.o [1]
    .bss             zero     0x2001'ee60      0x4  temperature_task.o [1]
    .bss             zero     0x2001'ee64      0x4  temperature_task.o [1]
    .bss             zero     0x2001'ee68      0x8  temperature_task.o [1]
    .bss             zero     0x2001'ee70     0x14  timers.o [1]
    .bss             zero     0x2001'ee84     0x14  timers.o [1]
    .bss             zero     0x2001'ee98      0x4  timers.o [1]
    .bss             zero     0x2001'ee9c      0x4  timers.o [1]
    .bss             zero     0x2001'eea0      0x4  timers.o [1]
    .bss             zero     0x2001'eea4      0x4  timers.o [1]
    .bss             zero     0x2001'eea8      0x4  timers.o [1]
    .bss             zero     0x2001'eeac      0x4  xfail_s.o [2]
    .bss             zero     0x2001'eeb0      0x2  door_lock_task.o [1]
    .bss             zero     0x2001'eeb2      0x2  door_lock_task.o [1]
    .bss             zero     0x2001'eeb4      0x2  door_lock_task.o [1]
    .bss             zero     0x2001'eeb6      0x1  door_lock_task.o [1]
    .bss             zero     0x2001'eeb7      0x1  door_lock_task.o [1]
    .bss             zero     0x2001'eeb8      0x1  door_lock_task.o [1]
    .bss             zero     0x2001'eeb9      0x1  port.o [1]
                            - 0x2001'eebc  0x1ee90

"P7":                                        0x400
  CSTACK                      0x2002'7c00    0x400  <Block>
    CSTACK           uninit   0x2002'7c00    0x400  <Block tail>
                            - 0x2002'8000    0x400

Unused ranges:

         From           To      Size
         ----           --      ----
        0x124        0x3ff     0x2dc
       0xa538     0x7'ffff  0x7'5ac8
  0x2001'eebc  0x2002'7bff    0x8d44


*******************************************************************************
*** INIT TABLE
***

          Address      Size
          -------      ----
Zero (__iar_zero_init3)
    1 destination range, total size 0x1ee8e:
          0x2000'002c  0x1ee8e

Copy (__iar_copy_init3)
    1 source range, total size 0x2c (107% of destination):
               0x9e38     0x2c
    1 destination range, total size 0x29:
          0x2000'0000     0x29



*******************************************************************************
*** MODULE SUMMARY
***

    Module                  ro code  ro data  rw data
    ------                  -------  -------  -------
command line/config:
    -------------------------------------------------
    Total:

D:\development\git\g_sensor_controller\g_sensor_controller\board\iar\Debug\Obj: [1]
    SEGGER_RTT.o                728       20    1 208
    adc_task.o                  916      444       48
    board.o                     478
    circle_buffer.o             198      100
    clock_config.o              152       28
    cmsis_os.o                  792
    cpu_task.o                  204      184       12
    cpu_utils.o                 176                24
    door_lock_task.o          1 292    1 456       29
    event_groups.o              444
    freertos.o                   72      148
    fsl_adc.o                   532      202
    fsl_clock.o                 680                 4
    fsl_ctimer.o                198       20       28
    fsl_dma.o                   320      160      120
    fsl_dmic.o                   48                 8
    fsl_enet.o                   36                 8
    fsl_flexcomm.o              484      380       80
    fsl_gint.o                   80        8        8
    fsl_gpio.o                  200      172
    fsl_mcan.o                  200      128       12
    fsl_pint.o                  456                32
    fsl_sctimer.o                28                 4
    fsl_sdif.o                   64      112        8
    fsl_tickless_systick.o       52
    fsl_utick.o                  36                 8
    heap_4.o                    616        4  122 904
    list.o                      152
    log.o                       168      285    1 561
    main.o                      304      292
    pin_mux.o                   164
    port.o                      548        8        9
    portasm.o                   176
    protocol_task.o           2 588    2 068       32
    queue.o                   1 866                64
    scale_task.o              1 748    1 876       32
    serial.o                    968      220
    startup_LPC54606.o          776
    system_LPC54606.o            58        4        4
    tasks.o                   3 268        8      300
    tasks_init.o                 92      216        4
    temperature_task.o          764      812       32
    timers.o                  1 136       16       60
    utils.o                      86
    -------------------------------------------------
    Total:                   24 344    9 371  126 643

dl7M_tln.a: [2]
    abort.o                       6
    exit.o                        4
    low_level_init.o              4
    strncmp.o                    40
    vsnprint.o                   60
    xfail_s.o                    64                 4
    xprintffull_nomb.o        3 622
    xsnprout.o                   26
    -------------------------------------------------
    Total:                    3 826                 4

iar_lib_power.a: [3]
    fsl_power_lib.o             216
    -------------------------------------------------
    Total:                      216

m7M_tls.a: [4]
    DblAdd.o                    378
    DblCmpGe.o                   46
    DblCmpLe.o                   46
    DblDiv.o                    582
    DblMul.o                    418
    DblSub.o                    226
    DblToFlt.o                  104
    DblToS32.o                   58
    DblToU32.o                   40
    S32ToDbl.o                   34
    U32ToDbl.o                   26
    fpinit_M.o                   34
    frexp.o                     112
    ldexp.o                     314
    -------------------------------------------------
    Total:                    2 418

rt7M_tl.a: [5]
    ABImemcpy.o                 166
    ABImemset.o                 102
    I64DivMod.o                 560
    I64DivZer.o                   2
    cexit.o                      10
    cmain.o                      30
    copy_init3.o                 44
    cstartup_M.o                 12
    data_init.o                  40
    memchr.o                     88
    strchr.o                     22
    strcpy.o                     76
    strlen.o                     54
    zero_init3.o                 58
    -------------------------------------------------
    Total:                    1 264

shb_l.a: [6]
    ABIassert.o                  36
    exit.o                       20
    -------------------------------------------------
    Total:                       56

    Gaps                         22        8
    Linker created                        39    1 024
-----------------------------------------------------
    Grand Total:             32 146    9 418  127 671


*******************************************************************************
*** ENTRY LIST
***

Entry                       Address     Size  Type      Object
-----                       -------     ----  ----      ------
.iar.init_table$$Base        0x9fe8            --   Gb  - Linker created -
.iar.init_table$$Limit       0xa00c            --   Gb  - Linker created -
?main                        0xa00d           Code  Gb  cmain.o [5]
ADC0_SEQA_IRQHandler         0x6cd1     0x38  Code  Gb  adc_task.o [1]
ADC_ClearStatusFlags         0x6cbf      0x4  Code  Lc  adc_task.o [1]
ADC_DoSelfCalibration        0x7059     0x64  Code  Gb  fsl_adc.o [1]
ADC_DoSoftwareTriggerConvSeqA
                             0x6ca5      0xa  Code  Lc  adc_task.o [1]
ADC_EnableConvSeqA           0x6c8b     0x1a  Code  Lc  adc_task.o [1]
ADC_EnableInterrupts         0x6caf      0xc  Code  Lc  adc_task.o [1]
ADC_GetChannelConversionResult
                             0x7115     0x6a  Code  Gb  fsl_adc.o [1]
ADC_GetInstance              0x6fc9     0x2c  Code  Lc  fsl_adc.o [1]
ADC_GetStatusFlags           0x6cbb      0x4  Code  Lc  adc_task.o [1]
ADC_Init                     0x6ff5     0x62  Code  Gb  fsl_adc.o [1]
ADC_SetConvSeqAConfig        0x70bd     0x58  Code  Gb  fsl_adc.o [1]
BOARD_BootClockPLL180M       0x4aeb     0x6c  Code  Gb  clock_config.o [1]
BOARD_InitBootPins           0x4a63      0x8  Code  Gb  pin_mux.o [1]
BOARD_InitPins               0x4a6b     0x4a  Code  Gb  pin_mux.o [1]
CAN0_IRQ0_DriverIRQHandler
                             0x8009     0x2a  Code  Gb  fsl_mcan.o [1]
CAN0_IRQ1_DriverIRQHandler
                             0x8035     0x2a  Code  Gb  fsl_mcan.o [1]
CAN1_IRQ0_DriverIRQHandler
                             0x8061     0x2a  Code  Gb  fsl_mcan.o [1]
CAN1_IRQ1_DriverIRQHandler
                             0x808b     0x2a  Code  Gb  fsl_mcan.o [1]
CLOCK_AttachClk              0x4e15     0x5c  Code  Gb  fsl_clock.o [1]
CLOCK_EnableClock            0x6c45     0x2a  Code  Lc  adc_task.o [1]
CLOCK_EnableClock            0x6f99     0x30  Code  Lc  fsl_adc.o [1]
CLOCK_EnableClock            0x4971     0x2a  Code  Lc  fsl_gpio.o [1]
CLOCK_EnableClock            0x4a39     0x2a  Code  Lc  pin_mux.o [1]
CLOCK_Enable_SysOsc          0x4dc1     0x34  Code  Lc  fsl_clock.o [1]
CLOCK_IsSystemPLLLocked
                             0x4db5      0xc  Code  Lc  fsl_clock.o [1]
CLOCK_SetClkDiv              0x4e71     0x34  Code  Gb  fsl_clock.o [1]
CLOCK_SetFLASHAccessCycles
                             0x4da1     0x14  Code  Lc  fsl_clock.o [1]
CLOCK_SetFLASHAccessCyclesForFreq
                             0x4ea5     0x88  Code  Gb  fsl_clock.o [1]
CLOCK_SetPLLFreq             0x4f79     0xb4  Code  Gb  fsl_clock.o [1]
CSTACK$$Base            0x2002'7c00            --   Gb  - Linker created -
CSTACK$$Limit           0x2002'8000            --   Gb  - Linker created -
CTIMER0_DriverIRQHandler
                             0x8151      0xe  Code  Gb  fsl_ctimer.o [1]
CTIMER1_DriverIRQHandler
                             0x815f      0xe  Code  Gb  fsl_ctimer.o [1]
CTIMER2_DriverIRQHandler
                             0x816d      0xe  Code  Gb  fsl_ctimer.o [1]
CTIMER3_DriverIRQHandler
                             0x817b      0xe  Code  Gb  fsl_ctimer.o [1]
CTIMER4_DriverIRQHandler
                             0x8189      0xe  Code  Gb  fsl_ctimer.o [1]
CTIMER_ClearStatusFlags
                             0x80d5      0x4  Code  Lc  fsl_ctimer.o [1]
CTIMER_GenericIRQHandler
                             0x80d9     0x6c  Code  Gb  fsl_ctimer.o [1]
CTIMER_GetStatusFlags        0x80d1      0x4  Code  Lc  fsl_ctimer.o [1]
DMA0_DriverIRQHandler        0x79d7      0xe  Code  Gb  fsl_dma.o [1]
DMA_GetInstance              0x78bd     0x32  Code  Lc  fsl_dma.o [1]
DMA_GetVirtualStartChannel
                             0x78ef     0x1c  Code  Lc  fsl_dma.o [1]
DMA_IRQHandle                0x790b     0xcc  Code  Gb  fsl_dma.o [1]
DMIC0_DriverIRQHandler       0x9db1     0x14  Code  Gb  fsl_dmic.o [1]
ETHERNET_DriverIRQHandler
                             0x9f7d     0x14  Code  Gb  fsl_enet.o [1]
EnableIRQ                    0x6c6f     0x1c  Code  Lc  adc_task.o [1]
EndIdleMonitor               0x3679     0x28  Code  Gb  cpu_utils.o [1]
FLEXCOMM0_DriverIRQHandler
                             0x7511     0x2a  Code  Gb  fsl_flexcomm.o [1]
FLEXCOMM1_DriverIRQHandler
                             0x753b     0x2a  Code  Gb  fsl_flexcomm.o [1]
FLEXCOMM2_DriverIRQHandler
                             0x7565     0x2a  Code  Gb  fsl_flexcomm.o [1]
FLEXCOMM3_DriverIRQHandler
                             0x758f     0x2a  Code  Gb  fsl_flexcomm.o [1]
FLEXCOMM4_DriverIRQHandler
                             0x75b9     0x2a  Code  Gb  fsl_flexcomm.o [1]
FLEXCOMM5_DriverIRQHandler
                             0x75e3     0x2a  Code  Gb  fsl_flexcomm.o [1]
FLEXCOMM6_DriverIRQHandler
                             0x760d     0x2c  Code  Gb  fsl_flexcomm.o [1]
FLEXCOMM7_DriverIRQHandler
                             0x7639     0x2c  Code  Gb  fsl_flexcomm.o [1]
FLEXCOMM8_DriverIRQHandler
                             0x7665     0x2c  Code  Gb  fsl_flexcomm.o [1]
FLEXCOMM9_DriverIRQHandler
                             0x7691     0x2c  Code  Gb  fsl_flexcomm.o [1]
GINT0_DriverIRQHandler       0x8a8d     0x22  Code  Gb  fsl_gint.o [1]
GINT1_DriverIRQHandler       0x8aaf     0x22  Code  Gb  fsl_gint.o [1]
GPIO_PinInit                 0x49d5     0x64  Code  Gb  fsl_gpio.o [1]
GPIO_PinRead                 0x4421      0x8  Code  Lc  board.o [1]
GPIO_PortClear               0x4435      0xc  Code  Lc  board.o [1]
GPIO_PortInit                0x499b     0x22  Code  Gb  fsl_gpio.o [1]
GPIO_PortSet                 0x4429      0xc  Code  Lc  board.o [1]
GPIO_PortToggle              0x4441      0xc  Code  Lc  board.o [1]
HWVAD0_DriverIRQHandler
                             0x9dc5     0x14  Code  Gb  fsl_dmic.o [1]
LoadInt                       0x5af     0x7a  Code  Lc  xprintffull_nomb.o [2]
PINT_PatternMatchResetDetectLogic
                             0x76ff     0x12  Code  Gb  fsl_pint.o [1]
PINT_PinInterruptClrStatus
                             0x76f5      0xa  Code  Lc  fsl_pint.o [1]
PIN_INT0_DriverIRQHandler
                             0x7711     0x34  Code  Gb  fsl_pint.o [1]
PIN_INT1_DriverIRQHandler
                             0x7745     0x34  Code  Gb  fsl_pint.o [1]
PIN_INT2_DriverIRQHandler
                             0x7779     0x34  Code  Gb  fsl_pint.o [1]
PIN_INT3_DriverIRQHandler
                             0x77ad     0x34  Code  Gb  fsl_pint.o [1]
PIN_INT4_DriverIRQHandler
                             0x77e1     0x34  Code  Gb  fsl_pint.o [1]
PIN_INT5_DriverIRQHandler
                             0x7815     0x34  Code  Gb  fsl_pint.o [1]
PIN_INT6_DriverIRQHandler
                             0x7849     0x34  Code  Gb  fsl_pint.o [1]
PIN_INT7_DriverIRQHandler
                             0x787d     0x34  Code  Gb  fsl_pint.o [1]
POWER_DisablePD              0x6cc3      0xe  Code  Lc  adc_task.o [1]
POWER_DisablePD              0x4add      0xe  Code  Lc  clock_config.o [1]
POWER_DisablePD              0x4e05     0x10  Code  Lc  fsl_clock.o [1]
POWER_EnablePD               0x4df5     0x10  Code  Lc  fsl_clock.o [1]
POWER_SetPLL                 0x50fb     0x12  Code  Gb  fsl_power_lib.o [3]
POWER_SetVoltageForFreq
                             0x5057     0xa4  Code  Gb  fsl_power_lib.o [3]
POWER_setVdLevel             0x5049      0xe  Code  Gb  fsl_power_lib.o [3]
PendSV_Handler               0x3735           Code  Gb  portasm.o [1]
RW$$Base                0x2000'0000            --   Gb  - Linker created -
RW$$Limit               0x2000'002c            --   Gb  - Linker created -
Region$$Table$$Base          0x9fe8            --   Gb  - Linker created -
Region$$Table$$Limit         0xa00c            --   Gb  - Linker created -
SCT0_IRQHandler              0xa05d     0x10  Code  Gb  fsl_sctimer.o [1]
SDIO_DriverIRQHandler        0x9631     0x2a  Code  Gb  fsl_sdif.o [1]
SEGGER_RTT_HasData           0x4901     0x16  Code  Gb  SEGGER_RTT.o [1]
SEGGER_RTT_Init              0x4917      0x8  Code  Gb  SEGGER_RTT.o [1]
SEGGER_RTT_Read              0x484b     0x16  Code  Gb  SEGGER_RTT.o [1]
SEGGER_RTT_ReadNoLock        0x47a9     0xa2  Code  Gb  SEGGER_RTT.o [1]
SEGGER_RTT_Write             0x48d1     0x30  Code  Gb  SEGGER_RTT.o [1]
SEGGER_RTT_WriteNoLock       0x4865     0x6c  Code  Gb  SEGGER_RTT.o [1]
SVC_Handler                  0x378d           Code  Gb  portasm.o [1]
StartIdleMonitor             0x3661     0x18  Code  Gb  cpu_utils.o [1]
SysTick_Handler              0xa36d      0x8  Code  Gb  freertos.o [1]
SystemCoreClock         0x2000'0018      0x4  Data  Gb  system_LPC54606.o [1]
SystemInit                   0x98c9     0x24  Code  Gb  system_LPC54606.o [1]
UTICK0_DriverIRQHandler
                             0x9fa1     0x14  Code  Gb  fsl_utick.o [1]
ZI$$Base                0x2000'002c            --   Gb  - Linker created -
ZI$$Limit               0x2001'eebc            --   Gb  - Linker created -
_DoInit                      0x465d     0x5c  Code  Lc  SEGGER_RTT.o [1]
_GenldFullNoMb                0xf25    0x274  Code  Lc  xprintffull_nomb.o [2]
_GetAvailWriteSpace          0x478f     0x1a  Code  Lc  SEGGER_RTT.o [1]
_LdtobFullNoMb                0xaf9    0x400  Code  Lc  xprintffull_nomb.o [2]
_LitobFullNoMb                0x9a1    0x112  Code  Lc  xprintffull_nomb.o [2]
_PrintfFullNoMb               0x401    0x19e  Code  Gb  xprintffull_nomb.o [2]
_PutcharsFullNoMb            0x1199     0x2e  Code  Lc  xprintffull_nomb.o [2]
_PutfldFullNoMb               0x629    0x26c  Code  Lc  xprintffull_nomb.o [2]
_PuttxtFullNoMb               0x895    0x10c  Code  Lc  xprintffull_nomb.o [2]
_SEGGER_RTT             0x2001'e874     0xa8  Data  Gb  SEGGER_RTT.o [1]
_SNProut                     0x1277     0x1a  Code  Gb  xsnprout.o [2]
_WriteBlocking               0x46b9     0x82  Code  Lc  SEGGER_RTT.o [1]
_WriteNoCheck                0x473b     0x54  Code  Lc  SEGGER_RTT.o [1]
__NVIC_EnableIRQ             0x6c05     0x1c  Code  Lc  adc_task.o [1]
__NVIC_SetPriority           0x6c21     0x24  Code  Lc  adc_task.o [1]
__Vectors                       0x0            --   Gb  startup_LPC54606.o [1]
__Vectors_End                 0x124           Data  Gb  startup_LPC54606.o [1]
__Vectors_Size {Abs}          0x124            --   Gb  startup_LPC54606.o [1]
__aeabi_assert               0x4d7d     0x24  Code  Gb  ABIassert.o [6]
__aeabi_cdcmple              0x184d           Code  Gb  DblCmpLe.o [4]
__aeabi_cdrcmple             0x187d           Code  Gb  DblCmpGe.o [4]
__aeabi_d2f                  0x74a9           Code  Gb  DblToFlt.o [4]
__aeabi_d2iz                 0x19e9           Code  Gb  DblToS32.o [4]
__aeabi_d2uiz                0x1d75           Code  Gb  DblToU32.o [4]
__aeabi_dadd                 0x1dc1           Code  Gb  DblAdd.o [4]
__aeabi_ddiv                 0x1b2d           Code  Gb  DblDiv.o [4]
__aeabi_dmul                 0x1591           Code  Gb  DblMul.o [4]
__aeabi_dsub                 0x1a49           Code  Gb  DblSub.o [4]
__aeabi_i2d                  0x1a25           Code  Gb  S32ToDbl.o [4]
__aeabi_ldiv0                0x1dbd           Code  Gb  I64DivZer.o [5]
__aeabi_memcpy               0x1735           Code  Gb  ABImemcpy.o [5]
__aeabi_memcpy4              0x1755           Code  Gb  ABImemcpy.o [5]
__aeabi_memcpy8              0x1755           Code  Gb  ABImemcpy.o [5]
__aeabi_memset               0x2e7d           Code  Gb  ABImemset.o [5]
__aeabi_ui2d                 0x1d9d           Code  Gb  U32ToDbl.o [4]
__aeabi_uldivmod             0x1361           Code  Gb  I64DivMod.o [5]
__cmain                      0xa00d           Code  Gb  cmain.o [5]
__exit                       0x1f3d     0x14  Code  Gb  exit.o [6]
__iar_Fail_s                 0x1291     0x1c  Code  Gb  xfail_s.o [2]
__iar_Memchr                 0x1309           Code  Gb  memchr.o [5]
__iar_Memset                 0x2e7d           Code  Gb  ABImemset.o [5]
__iar_Memset_word            0x2e85           Code  Gb  ABImemset.o [5]
__iar_Strchr                 0x1261           Code  Gb  strchr.o [5]
__iar_copy_init3             0x9e0d     0x2c  Code  Gb  copy_init3.o [5]
__iar_dadd                   0x1a59           Code  Gb  DblSub.o [4]
__iar_data_init3             0x9f55     0x28  Code  Gb  data_init.o [5]
__iar_dsub                   0x1dd1           Code  Gb  DblAdd.o [4]
__iar_dsubStart              0x1de3           Code  Gb  DblAdd.o [4]
__iar_frexp                  0x17e9           Code  Gb  frexp.o [4]
__iar_frexpl                 0x17e9           Code  Gb  frexp.o [4]
__iar_init_vfp               0x9fc5           Code  Gb  fpinit_M.o [4]
__iar_ldexp64                0x18ad           Code  Gb  ldexp.o [4]
__iar_program_start          0xa311           Code  Gb  cstartup_M.o [5]
__iar_scalbln64              0x18ad           Code  Gb  ldexp.o [4]
__iar_scalbn64               0x18ad           Code  Gb  ldexp.o [4]
__iar_softfp___iar_frexp64
                             0x17dd           Code  Gb  frexp.o [4]
__iar_softfp_frexp           0x17dd           Code  Gb  frexp.o [4]
__iar_softfp_frexpl          0x17dd           Code  Gb  frexp.o [4]
__iar_zero_init3             0x1227     0x3a  Code  Gb  zero_init3.o [5]
__low_level_init             0xa02b      0x4  Code  Gb  low_level_init.o [2]
__vector_table                  0x0           Data  Gb  startup_LPC54606.o [1]
__vector_table_0x1c            0x1c           Data  Gb  startup_LPC54606.o [1]
_acDownBuffer           0x2001'ed1c     0x10  Data  Lc  SEGGER_RTT.o [1]
_acUpBuffer             0x2001'e91c    0x400  Data  Lc  SEGGER_RTT.o [1]
_call_main                   0xa019           Code  Gb  cmain.o [5]
_exit                        0xa035           Code  Gb  cexit.o [5]
_main                        0xa027           Code  Gb  cmain.o [5]
abort                        0x1db7      0x6  Code  Gb  abort.o [2]
adc_average             0x2000'003c      0x4  Data  Lc  adc_task.o [1]
adc_calibration              0x6db9     0x22  Code  Lc  adc_task.o [1]
adc_clk_pwr_config           0x6d09     0x2c  Code  Lc  adc_task.o [1]
adc_converter_init           0x6d35     0x74  Code  Lc  adc_task.o [1]
adc_cusum               0x2000'0034      0x8  Data  Lc  adc_task.o [1]
adc_reset                    0x6ddb     0x10  Code  Lc  adc_task.o [1]
adc_sample              0x2000'0030      0x4  Data  Lc  adc_task.o [1]
adc_start                    0x6da9      0xc  Code  Lc  adc_task.o [1]
adc_stop                     0x6db5      0x4  Code  Lc  adc_task.o [1]
adc_task                     0x6deb    0x152  Code  Gb  adc_task.o [1]
adc_task_hdl            0x2000'002c      0x4  Data  Gb  adc_task.o [1]
bsp_board_init               0x45d9     0x26  Code  Gb  board.o [1]
bsp_data_stream_led_off
                             0x45b5     0x10  Code  Gb  board.o [1]
bsp_data_stream_led_pin_init
                             0x444d     0x26  Code  Lc  board.o [1]
bsp_data_stream_led_toggle
                             0x45a5     0x10  Code  Gb  board.o [1]
bsp_door_sensor_pin_init
                             0x450b     0x26  Code  Lc  board.o [1]
bsp_door_sensor_status       0x4589     0x1c  Code  Gb  board.o [1]
bsp_lock_ctrl_close          0x4541     0x10  Code  Gb  board.o [1]
bsp_lock_ctrl_open           0x4531     0x10  Code  Gb  board.o [1]
bsp_lock_ctrl_pin_init       0x4499     0x26  Code  Lc  board.o [1]
bsp_lock_hole_sensor_pin_init
                             0x44e5     0x26  Code  Lc  board.o [1]
bsp_lock_hole_sensor_status
                             0x456d     0x1c  Code  Gb  board.o [1]
bsp_lock_sensor_pin_init
                             0x44bf     0x26  Code  Lc  board.o [1]
bsp_lock_sensor_status       0x4551     0x1c  Code  Gb  board.o [1]
bsp_sys_led_pin_init         0x4473     0x26  Code  Lc  board.o [1]
bsp_sys_led_toggle           0x45c5      0xe  Code  Gb  board.o [1]
circle_buffer_flush          0x5f05     0x2a  Code  Gb  circle_buffer.o [1]
circle_buffer_free_size
                             0x5f35      0xe  Code  Gb  circle_buffer.o [1]
circle_buffer_read           0x5f4d     0x3a  Code  Gb  circle_buffer.o [1]
circle_buffer_used_size
                             0x5f43      0xa  Code  Gb  circle_buffer.o [1]
circle_buffer_write          0x5f87     0x44  Code  Gb  circle_buffer.o [1]
cpu_task                     0x7f15     0xcc  Code  Gb  cpu_task.o [1]
cpu_task_hdl            0x2000'0058      0x4  Data  Gb  cpu_task.o [1]
ctimerCallbackType      0x2000'00a8      0x8  Data  Lc  fsl_ctimer.o [1]
door_lock_msg           0x2001'e814      0x8  Data  Lc  protocol_task.o [1]
door_lock_sensor_timer_expired
                             0x674d    0x13a  Code  Lc  door_lock_task.o [1]
door_lock_sensor_timer_id
                        0x2000'0084      0x4  Data  Gb  door_lock_task.o [1]
door_lock_sensor_timer_init
                             0x66f9     0x2c  Code  Lc  door_lock_task.o [1]
door_lock_sensor_timer_start
                             0x6725     0x28  Code  Lc  door_lock_task.o [1]
door_lock_task               0x6887    0x2e4  Code  Gb  door_lock_task.o [1]
door_lock_task_hdl      0x2000'007c      0x4  Data  Gb  door_lock_task.o [1]
door_lock_task_msg_q_id
                        0x2000'0080      0x4  Data  Gb  door_lock_task.o [1]
door_status             0x2001'eeb6      0x1  Data  Lc  door_lock_task.o [1]
door_status_stable_time
                        0x2001'eeb0      0x2  Data  Lc  door_lock_task.o [1]
exit                         0xa02f      0x4  Code  Gb  exit.o [2]
gAdcResultInfoPtr       0x2000'0000      0x4  Data  Gb  adc_task.o [1]
gAdcResultInfoStruct    0x2000'0048     0x10  Data  Lc  adc_task.o [1]
get_net_weight          0x2000'0010      0x8  Data  Gb  scale_task.o [1]
get_r                        0x7255     0x3a  Code  Lc  temperature_task.o [1]
get_t                        0x728f     0x3e  Code  Gb  temperature_task.o [1]
inHandlerMode                0x411f     0x12  Code  Lc  cmsis_os.o [1]
ldexp                        0x18ad           Code  Gb  ldexp.o [4]
ldexpl                       0x18ad           Code  Gb  ldexp.o [4]
lock_hole_status        0x2001'eeb8      0x1  Data  Lc  door_lock_task.o [1]
lock_hole_status_stable_time
                        0x2001'eeb4      0x2  Data  Lc  door_lock_task.o [1]
lock_status             0x2001'eeb7      0x1  Data  Lc  door_lock_task.o [1]
lock_status_stable_time
                        0x2001'eeb2      0x2  Data  Lc  door_lock_task.o [1]
log_assert_handler           0x40ad     0x5c  Code  Wk  log.o [1]
log_init                     0x4061      0x8  Code  Gb  log.o [1]
log_level_globle        0x2000'0028      0x1  Data  Gb  log.o [1]
log_printf                   0x4069     0x3a  Code  Gb  log.o [1]
log_printf::log_print_buffer
                        0x2001'e1e8    0x618  Data  Lc  log.o [1]
log_time                     0x3f31      0x8  Code  Gb  main.o [1]
main                         0x3f39     0xf4  Code  Gb  main.o [1]
makeFreeRtosPriority         0x4109     0x16  Code  Lc  cmsis_os.o [1]
memchr                       0x1309           Code  Gb  memchr.o [5]
osCPU_IdleSpentTime     0x2000'0070      0x4  Data  Gb  cpu_utils.o [1]
osCPU_IdleStartTime     0x2000'006c      0x4  Data  Gb  cpu_utils.o [1]
osCPU_TotalIdleTime     0x2000'0074      0x4  Data  Gb  cpu_utils.o [1]
osCPU_Usage             0x2000'0068      0x4  Data  Gb  cpu_utils.o [1]
osDelay                      0x417f     0x16  Code  Gb  cmsis_os.o [1]
osGetCPUUsage                0x36a1      0x8  Code  Gb  cpu_utils.o [1]
osKernelStart                0x4131      0xa  Code  Gb  cmsis_os.o [1]
osKernelSysTick              0x413b     0x16  Code  Gb  cmsis_os.o [1]
osMessageCreate              0x42f5      0xe  Code  Gb  cmsis_os.o [1]
osMessageGet                 0x4365     0xa6  Code  Gb  cmsis_os.o [1]
osMessagePut                 0x4303     0x62  Code  Gb  cmsis_os.o [1]
osSignalSet                  0x421d     0x62  Code  Gb  cmsis_os.o [1]
osSignalWait                 0x427f     0x72  Code  Gb  cmsis_os.o [1]
osSystickHandler             0x440b     0x10  Code  Gb  cmsis_os.o [1]
osThreadCreate               0x4151     0x2e  Code  Gb  cmsis_os.o [1]
osTimerCreate                0x4195     0x1e  Code  Gb  cmsis_os.o [1]
osTimerStart                 0x41b3     0x6a  Code  Gb  cmsis_os.o [1]
pcInterruptPriorityRegisters
                             0xa534      0x4  Data  Lc  port.o [1]
protocol_msg            0x2000'0088      0x8  Data  Lc  door_lock_task.o [1]
protocol_msg            0x2001'e86c      0x8  Data  Lc  scale_task.o [1]
protocol_task                0x542d    0x680  Code  Gb  protocol_task.o [1]
protocol_task_crc16          0x5121     0x3c  Code  Lc  protocol_task.o [1]
protocol_task_get_door_status
                             0x51eb     0x4c  Code  Lc  protocol_task.o [1]
protocol_task_get_lock_status
                             0x5237     0x4c  Code  Lc  protocol_task.o [1]
protocol_task_get_manufacture_id
                             0x52fd     0x4c  Code  Lc  protocol_task.o [1]
protocol_task_get_net_weight
                             0x5189     0x62  Code  Lc  protocol_task.o [1]
protocol_task_get_scale_cnt
                             0x5349     0x4c  Code  Lc  protocol_task.o [1]
protocol_task_get_temperature
                             0x5283     0x7a  Code  Lc  protocol_task.o [1]
protocol_task_hdl       0x2001'e804      0x4  Data  Gb  protocol_task.o [1]
protocol_task_lock           0x53e1     0x4c  Code  Lc  protocol_task.o [1]
protocol_task_msg_q_id  0x2001'e808      0x4  Data  Gb  protocol_task.o [1]
protocol_task_prepare_crc16
                             0x515d     0x2c  Code  Lc  protocol_task.o [1]
protocol_task_unlock         0x5395     0x4c  Code  Gb  protocol_task.o [1]
prvAddCurrentTaskToDelayedList
                             0x2b65     0x6e  Code  Lc  tasks.o [1]
prvAddNewTaskToReadyList
                             0x207d     0x9e  Code  Lc  tasks.o [1]
prvCheckForValidListAndQueue
                             0x35a1     0x46  Code  Lc  timers.o [1]
prvCheckTasksWaitingTermination
                             0x2753     0x3c  Code  Lc  tasks.o [1]
prvCopyDataFromQueue         0x3de9     0x2a  Code  Lc  queue.o [1]
prvCopyDataToQueue           0x3d63     0x86  Code  Lc  queue.o [1]
prvDeleteTCB                 0x2795     0x12  Code  Lc  tasks.o [1]
prvGetNextExpireTime         0x33a7     0x28  Code  Lc  timers.o [1]
prvHeapInit                  0x2da3     0x5e  Code  Lc  heap_4.o [1]
prvIdleTask                  0x26d9     0x26  Code  Lc  tasks.o [1]
prvInitialiseNewQueue        0x38c1     0x22  Code  Lc  queue.o [1]
prvInitialiseNewTask         0x1fbf     0xbe  Code  Lc  tasks.o [1]
prvInitialiseNewTimer        0x3219     0x46  Code  Lc  timers.o [1]
prvInitialiseTaskLists       0x26ff     0x54  Code  Lc  tasks.o [1]
prvInsertBlockIntoFreeList
                             0x2e01     0x5e  Code  Lc  heap_4.o [1]
prvInsertTimerInActiveList
                             0x33f5     0x3e  Code  Lc  timers.o [1]
prvIsQueueEmpty              0x3e81     0x1c  Code  Lc  queue.o [1]
prvIsQueueFull               0x3e9d     0x1e  Code  Lc  queue.o [1]
prvProcessExpiredTimer       0x32c3     0x5a  Code  Lc  timers.o [1]
prvProcessReceivedCommands
                             0x3433     0xfc  Code  Lc  timers.o [1]
prvProcessTimerOrBlockTask
                             0x3331     0x76  Code  Lc  timers.o [1]
prvResetNextTaskUnblockTime
                             0x27a7     0x24  Code  Lc  tasks.o [1]
prvSampleTimeNow             0x33cf     0x26  Code  Lc  timers.o [1]
prvSampleTimeNow::xLastTime
                        0x2001'eea8      0x4  Data  Lc  timers.o [1]
prvSwitchTimerLists          0x352f     0x72  Code  Lc  timers.o [1]
prvTaskExitError             0x2fa5     0x2a  Code  Lc  port.o [1]
prvTimerTask                 0x331d     0x14  Code  Lc  timers.o [1]
prvUnlockQueue               0x3e13     0x6e  Code  Lc  queue.o [1]
ptr_msg                 0x2001'ee64      0x4  Data  Lc  temperature_task.o [1]
pvPortMalloc                 0x2c15    0x11c  Code  Gb  heap_4.o [1]
pxCurrentTCB            0x2001'ed2c      0x4  Data  Gb  tasks.o [1]
pxCurrentTimerList      0x2001'ee98      0x4  Data  Lc  timers.o [1]
pxDelayedTaskList       0x2001'ede4      0x4  Data  Lc  tasks.o [1]
pxEnd                   0x2001'e1d8      0x4  Data  Lc  heap_4.o [1]
pxOverflowDelayedTaskList
                        0x2001'ede8      0x4  Data  Lc  tasks.o [1]
pxOverflowTimerList     0x2001'ee9c      0x4  Data  Lc  timers.o [1]
pxPortInitialiseStack        0x2f7d     0x28  Code  Gb  port.o [1]
pxReadyTasksLists       0x2001'ed30     0x8c  Data  Lc  tasks.o [1]
response_msg            0x2001'ee68      0x8  Data  Lc  temperature_task.o [1]
s_DMAHandle             0x2000'00b0     0x78  Data  Lc  fsl_dma.o [1]
s_ENETHandle            0x2000'0130      0x4  Data  Lc  fsl_enet.o [1]
s_Pll_Freq              0x2000'0090      0x4  Data  Lc  fsl_clock.o [1]
s_adcBases                   0xa528      0x4  Data  Lc  fsl_adc.o [1]
s_adcClocks                  0x1306      0x2  Data  Lc  fsl_adc.o [1]
s_ctimerBases                0xa184     0x14  Data  Lc  fsl_ctimer.o [1]
s_ctimerCallback        0x2000'0094     0x14  Data  Lc  fsl_ctimer.o [1]
s_dmaBases                   0xa52c      0x4  Data  Lc  fsl_dma.o [1]
s_dmicCallback          0x2000'0128      0x4  Data  Lc  fsl_dmic.o [1]
s_dmicHwvadCallback     0x2000'012c      0x4  Data  Lc  fsl_dmic.o [1]
s_enetIsr               0x2000'0134      0x4  Data  Lc  fsl_enet.o [1]
s_flexcommBaseAddrs          0x9e8c     0x28  Data  Lc  fsl_flexcomm.o [1]
s_flexcommHandle        0x2000'0160     0x28  Data  Lc  fsl_flexcomm.o [1]
s_flexcommIrqHandler    0x2000'0138     0x28  Data  Lc  fsl_flexcomm.o [1]
s_gintBases                  0xa324      0x8  Data  Lc  fsl_gint.o [1]
s_gintCallback          0x2000'0188      0x8  Data  Lc  fsl_gint.o [1]
s_gpioClockName              0xa2c8      0xc  Data  Lc  fsl_gpio.o [1]
s_mcanHandle            0x2000'0190      0x8  Data  Lc  fsl_mcan.o [1]
s_mcanIsr               0x2000'0198      0x4  Data  Lc  fsl_mcan.o [1]
s_pintCallback          0x2000'019c     0x20  Data  Lc  fsl_pint.o [1]
s_sctimerIsr            0x2000'01bc      0x4  Data  Lc  fsl_sctimer.o [1]
s_sdifHandle            0x2000'01c0      0x4  Data  Lc  fsl_sdif.o [1]
s_sdifIsr               0x2000'01c4      0x4  Data  Lc  fsl_sdif.o [1]
s_utickHandle           0x2000'01c8      0x4  Data  Lc  fsl_utick.o [1]
s_utickIsr              0x2000'01cc      0x4  Data  Lc  fsl_utick.o [1]
scalbln                      0x18ad           Code  Gb  ldexp.o [4]
scalblnl                     0x18ad           Code  Gb  ldexp.o [4]
scalbn                       0x18ad           Code  Gb  ldexp.o [4]
scalbnl                      0x18ad           Code  Gb  ldexp.o [4]
scale                         0xab3     0x46  Code  Lc  xprintffull_nomb.o [2]
scale_msg               0x2000'005c      0x8  Data  Lc  cpu_task.o [1]
scale_msg               0x2001'e80c      0x8  Data  Lc  protocol_task.o [1]
scale_task                   0x643d    0x236  Code  Gb  scale_task.o [1]
scale_task_crc16             0x6025     0x3c  Code  Lc  scale_task.o [1]
scale_task_hdl          0x2001'e864      0x4  Data  Gb  scale_task.o [1]
scale_task_msg_q_id     0x2001'e868      0x4  Data  Gb  scale_task.o [1]
scale_task_req               0x6061     0xc0  Code  Lc  scale_task.o [1]
scale_task_wait_response
                             0x6121    0x31c  Code  Lc  scale_task.o [1]
sec_hand                0x2001'eeac      0x4  Data  Lc  xfail_s.o [2]
seek_idex                    0x71ad     0xa8  Code  Lc  temperature_task.o [1]
serial_complete              0x5d2d     0x5a  Code  Gb  serial.o [1]
serial_create                0x5e05     0xf2  Code  Gb  serial.o [1]
serial_flush                 0x5bdf     0x64  Code  Gb  serial.o [1]
serial_open                  0x5c43     0x90  Code  Gb  serial.o [1]
serial_read                  0x5b3d     0x46  Code  Gb  serial.o [1]
serial_register_hal_driver
                             0x5d87     0x7e  Code  Gb  serial.o [1]
serial_select                0x5cd3     0x5a  Code  Gb  serial.o [1]
serial_write                 0x5b83     0x5c  Code  Gb  serial.o [1]
set_sensor              0x2000'0008      0x8  Data  Gb  scale_task.o [1]
strchr                       0x1261           Code  Gb  strchr.o [5]
strcpy                       0x4d31           Code  Gb  strcpy.o [5]
strlen                       0x12d1           Code  Gb  strlen.o [5]
strncmp                      0x7fe1     0x28  Code  Gb  strncmp.o [2]
t_msg                   0x2000'0040      0x8  Data  Lc  adc_task.o [1]
t_r_map                      0x79fc    0x118  Data  Lc  temperature_task.o [1]
table_crc_hi                 0x7b14    0x100  Data  Lc  protocol_task.o [1]
table_crc_hi                 0x7d14    0x100  Data  Lc  scale_task.o [1]
table_crc_lo                 0x7c14    0x100  Data  Lc  protocol_task.o [1]
table_crc_lo                 0x7e14    0x100  Data  Lc  scale_task.o [1]
tasks_init                   0x4601     0x5c  Code  Gb  tasks_init.o [1]
tasks_sync_evt_group_hdl
                        0x2001'ee58      0x4  Data  Gb  tasks_init.o [1]
temperature             0x2000'001c      0xc  Data  Lc  temperature_task.o [1]
temperature_msg         0x2001'e81c      0x8  Data  Lc  protocol_task.o [1]
temperature_task             0x72cd    0x192  Code  Gb  temperature_task.o [1]
temperature_task_hdl    0x2001'ee5c      0x4  Data  Gb  temperature_task.o [1]
temperature_task_msg_q_id
                        0x2001'ee60      0x4  Data  Gb  temperature_task.o [1]
ucHeap                  0x2000'01d0  0x1e000  Data  Lc  heap_4.o [1]
ucMaxSysCallPriority    0x2001'eeb9      0x1  Data  Lc  port.o [1]
ulMaxPRIGROUPValue      0x2001'e800      0x4  Data  Lc  port.o [1]
utils_timer_init             0x5fcd     0x1e  Code  Gb  utils.o [1]
utils_timer_value            0x5feb     0x38  Code  Gb  utils.o [1]
uxCriticalNesting       0x2000'0004      0x4  Data  Lc  port.o [1]
uxCurrentNumberOfTasks  0x2001'ee2c      0x4  Data  Lc  tasks.o [1]
uxDeletedTasksWaitingCleanUp
                        0x2001'ee14      0x4  Data  Lc  tasks.o [1]
uxListRemove                 0x2f55     0x26  Code  Gb  list.o [1]
uxPendedTicks           0x2001'ee3c      0x4  Data  Lc  tasks.o [1]
uxSchedulerSuspended    0x2001'ee54      0x4  Data  Lc  tasks.o [1]
uxTaskNumber            0x2001'ee48      0x4  Data  Lc  tasks.o [1]
uxTaskResetEventItemValue
                             0x28b5     0x16  Code  Gb  tasks.o [1]
uxTopReadyPriority      0x2001'ee34      0x4  Data  Lc  tasks.o [1]
vApplicationIdleHook         0x3611     0x12  Code  Gb  cpu_utils.o [1]
vApplicationMallocFailedHook
                             0x36f1     0x10  Code  Wk  freertos.o [1]
vApplicationStackOverflowHook
                             0x36c1     0x30  Code  Wk  freertos.o [1]
vApplicationTickHook         0x3623     0x3e  Code  Gb  cpu_utils.o [1]
vApplicationTickHook::tick
                        0x2000'0078      0x4  Data  Lc  cpu_utils.o [1]
vListInitialise              0x2ee3     0x1e  Code  Gb  list.o [1]
vListInitialiseItem          0x2f01      0x6  Code  Gb  list.o [1]
vListInsert                  0x2f1f     0x36  Code  Gb  list.o [1]
vListInsertEnd               0x2f07     0x18  Code  Gb  list.o [1]
vPortEnableVFP               0x37c9           Code  Gb  portasm.o [1]
vPortEnterCritical           0x309d     0x34  Code  Gb  port.o [1]
vPortExitCritical            0x30d1     0x2c  Code  Gb  port.o [1]
vPortFree                    0x2d31     0x72  Code  Gb  heap_4.o [1]
vPortSetupTimerInterrupt
                             0x3701     0x34  Code  Wk  fsl_tickless_systick.o [1]
vPortStartFirstTask          0x37a9           Code  Gb  portasm.o [1]
vPortValidateInterruptPriority
                             0x3125     0x4a  Code  Gb  port.o [1]
vQueueAddToRegistry          0x3ebb     0x24  Code  Gb  queue.o [1]
vQueueWaitForMessageRestricted
                             0x3ee5     0x4a  Code  Gb  queue.o [1]
vTaskDelay                   0x211b     0x4c  Code  Gb  tasks.o [1]
vTaskInternalSetTimeOutState
                             0x262f     0x12  Code  Gb  tasks.o [1]
vTaskMissedYield             0x26cf      0xa  Code  Gb  tasks.o [1]
vTaskPlaceOnEventList        0x246d     0x2e  Code  Gb  tasks.o [1]
vTaskPlaceOnEventListRestricted
                             0x24e9     0x38  Code  Gb  tasks.o [1]
vTaskPlaceOnUnorderedEventList
                             0x249b     0x4e  Code  Gb  tasks.o [1]
vTaskRemoveFromUnorderedEventList
                             0x25b1     0x7e  Code  Gb  tasks.o [1]
vTaskStartScheduler          0x2167     0x6c  Code  Gb  tasks.o [1]
vTaskSuspendAll              0x21d3      0xc  Code  Gb  tasks.o [1]
vTaskSwitchContext           0x23d9     0x90  Code  Gb  tasks.o [1]
vsnprintf                    0x4935     0x3c  Code  Gb  vsnprint.o [2]
xActiveTimerList1       0x2001'ee70     0x14  Data  Lc  timers.o [1]
xActiveTimerList2       0x2001'ee84     0x14  Data  Lc  timers.o [1]
xBlockAllocatedBit      0x2001'e1e4      0x4  Data  Lc  heap_4.o [1]
xDelayedTaskList1       0x2001'edbc     0x14  Data  Lc  tasks.o [1]
xDelayedTaskList2       0x2001'edd0     0x14  Data  Lc  tasks.o [1]
xEventGroupCreate            0x4b75     0x1c  Code  Gb  event_groups.o [1]
xEventGroupSetBits           0x4c7f     0xac  Code  Gb  event_groups.o [1]
xEventGroupSync              0x4b91     0xee  Code  Gb  event_groups.o [1]
xFreeBytesRemaining     0x2001'e1dc      0x4  Data  Lc  heap_4.o [1]
xHeapStructSize              0xa530      0x4  Data  Lc  heap_4.o [1]
xIdleHandle             0x2000'0064      0x4  Data  Gb  cpu_utils.o [1]
xIdleTaskHandle         0x2001'ee50      0x4  Data  Lc  tasks.o [1]
xMinimumEverFreeBytesRemaining
                        0x2001'e1e0      0x4  Data  Lc  heap_4.o [1]
xNextTaskUnblockTime    0x2001'ee4c      0x4  Data  Lc  tasks.o [1]
xNumOfOverflows         0x2001'ee44      0x4  Data  Lc  tasks.o [1]
xPendingReadyList       0x2001'edec     0x14  Data  Lc  tasks.o [1]
xPortStartScheduler          0x2fcf     0xce  Code  Gb  port.o [1]
xPortSysTickHandler          0x30fd     0x28  Code  Gb  port.o [1]
xQueueGenericCreate          0x3877     0x4a  Code  Gb  queue.o [1]
xQueueGenericReset           0x37e5     0x92  Code  Gb  queue.o [1]
xQueueGenericSend            0x38e3    0x196  Code  Gb  queue.o [1]
xQueueGenericSendFromISR
                             0x3a79     0xde  Code  Gb  queue.o [1]
xQueueReceive                0x3b57    0x15a  Code  Gb  queue.o [1]
xQueueReceiveFromISR         0x3cb5     0xae  Code  Gb  queue.o [1]
xQueueRegistry          0x2001'e824     0x40  Data  Gb  queue.o [1]
xSchedulerRunning       0x2001'ee38      0x4  Data  Lc  tasks.o [1]
xStart                  0x2001'e1d0      0x8  Data  Lc  heap_4.o [1]
xSuspendedTaskList      0x2001'ee18     0x14  Data  Lc  tasks.o [1]
xTaskCheckForTimeOut         0x264d     0x82  Code  Gb  tasks.o [1]
xTaskCreate                  0x1f51     0x6e  Code  Gb  tasks.o [1]
xTaskGenericNotify           0x2961     0xe0  Code  Gb  tasks.o [1]
xTaskGenericNotifyFromISR
                             0x2a45    0x10e  Code  Gb  tasks.o [1]
xTaskGetCurrentTaskHandle
                             0x27cb      0x8  Code  Gb  tasks.o [1]
xTaskGetSchedulerState       0x27d3     0x20  Code  Gb  tasks.o [1]
xTaskGetTickCount            0x22c3      0x8  Code  Gb  tasks.o [1]
xTaskGetTickCountFromISR
                             0x22cb     0x10  Code  Gb  tasks.o [1]
xTaskIncrementTick           0x22db     0xea  Code  Gb  tasks.o [1]
xTaskNotifyWait              0x28d1     0x8c  Code  Gb  tasks.o [1]
xTaskPriorityDisinherit
                             0x2805     0xae  Code  Gb  tasks.o [1]
xTaskRemoveFromEventList
                             0x2525     0x82  Code  Gb  tasks.o [1]
xTaskResumeAll               0x21df     0xe4  Code  Gb  tasks.o [1]
xTasksWaitingTermination
                        0x2001'ee00     0x14  Data  Lc  tasks.o [1]
xTickCount              0x2001'ee30      0x4  Data  Lc  tasks.o [1]
xTimerCreate                 0x31e9     0x30  Code  Gb  timers.o [1]
xTimerCreateTimerTask        0x31a1     0x48  Code  Gb  timers.o [1]
xTimerGenericCommand         0x325f     0x64  Code  Gb  timers.o [1]
xTimerQueue             0x2001'eea0      0x4  Data  Lc  timers.o [1]
xTimerTaskHandle        0x2001'eea4      0x4  Data  Lc  timers.o [1]
xYieldPending           0x2001'ee40      0x4  Data  Lc  tasks.o [1]


[1] = D:\development\git\g_sensor_controller\g_sensor_controller\board\iar\Debug\Obj
[2] = dl7M_tln.a
[3] = iar_lib_power.a
[4] = m7M_tls.a
[5] = rt7M_tl.a
[6] = shb_l.a

   32 146 bytes of readonly  code memory
    9 418 bytes of readonly  data memory
  127 671 bytes of readwrite data memory

Errors: 5
Warnings: none
